	29-B1	30-B1
ASV_1	1278	1306
ASV_2	1797	0
ASV_3	367	0
ASV_4	0	365
ASV_5	0	343
ASV_6	0	256
ASV_7	239	0
ASV_8	0	211
ASV_9	0	164
ASV_10	129	0
ASV_11	125	0
ASV_12	0	36
